2025-10-12T17:08:06.817+05:00  INFO 6124 --- [user-service] [main] com.example.App                          : Starting App using Java 23 with PID 6124 (C:\Users\zew1x\IdeaProjects\user-service-with-spring-boot\target\classes started by zew1x in C:\Users\zew1x\IdeaProjects\user-service-with-spring-boot)
2025-10-12T17:08:06.818+05:00  INFO 6124 --- [user-service] [main] com.example.App                          : No active profile set, falling back to 1 default profile: "default"
2025-10-12T17:08:07.449+05:00  INFO 6124 --- [user-service] [main] .s.d.r.c.RepositoryConfigurationDelegate : Bootstrapping Spring Data JPA repositories in DEFAULT mode.
2025-10-12T17:08:07.495+05:00  INFO 6124 --- [user-service] [main] .s.d.r.c.RepositoryConfigurationDelegate : Finished Spring Data repository scanning in 36 ms. Found 1 JPA repository interface.
2025-10-12T17:08:08.015+05:00  INFO 6124 --- [user-service] [main] o.s.b.w.embedded.tomcat.TomcatWebServer  : Tomcat initialized with port 8080 (http)
2025-10-12T17:08:08.026+05:00  INFO 6124 --- [user-service] [main] o.apache.catalina.core.StandardService   : Starting service [Tomcat]
2025-10-12T17:08:08.026+05:00  INFO 6124 --- [user-service] [main] o.apache.catalina.core.StandardEngine    : Starting Servlet engine: [Apache Tomcat/10.1.46]
2025-10-12T17:08:08.075+05:00  INFO 6124 --- [user-service] [main] o.a.c.c.C.[Tomcat].[localhost].[/]       : Initializing Spring embedded WebApplicationContext
2025-10-12T17:08:08.076+05:00  INFO 6124 --- [user-service] [main] w.s.c.ServletWebServerApplicationContext : Root WebApplicationContext: initialization completed in 1209 ms
2025-10-12T17:08:08.260+05:00  INFO 6124 --- [user-service] [main] o.hibernate.jpa.internal.util.LogHelper  : HHH000204: Processing PersistenceUnitInfo [name: default]
2025-10-12T17:08:08.296+05:00  INFO 6124 --- [user-service] [main] org.hibernate.Version                    : HHH000412: Hibernate ORM core version 6.6.29.Final
2025-10-12T17:08:08.314+05:00  INFO 6124 --- [user-service] [main] o.h.c.internal.RegionFactoryInitiator    : HHH000026: Second-level cache disabled
2025-10-12T17:08:08.571+05:00  INFO 6124 --- [user-service] [main] o.s.o.j.p.SpringPersistenceUnitInfo      : No LoadTimeWeaver setup: ignoring JPA class transformer
2025-10-12T17:08:08.587+05:00  INFO 6124 --- [user-service] [main] com.zaxxer.hikari.HikariDataSource       : HikariPool-1 - Starting...
2025-10-12T17:08:08.708+05:00  INFO 6124 --- [user-service] [main] com.zaxxer.hikari.pool.HikariPool        : HikariPool-1 - Added connection org.postgresql.jdbc.PgConnection@994544
2025-10-12T17:08:08.709+05:00  INFO 6124 --- [user-service] [main] com.zaxxer.hikari.HikariDataSource       : HikariPool-1 - Start completed.
2025-10-12T17:08:08.760+05:00  INFO 6124 --- [user-service] [main] org.hibernate.orm.connections.pooling    : HHH10001005: Database info:
	Database JDBC URL [Connecting through datasource 'HikariDataSource (HikariPool-1)']
	Database driver: undefined/unknown
	Database version: 17.5
	Autocommit mode: undefined/unknown
	Isolation level: undefined/unknown
	Minimum pool size: undefined/unknown
	Maximum pool size: undefined/unknown
2025-10-12T17:08:09.359+05:00  INFO 6124 --- [user-service] [main] o.h.e.t.j.p.i.JtaPlatformInitiator       : HHH000489: No JTA platform available (set 'hibernate.transaction.jta.platform' to enable JTA platform integration)
2025-10-12T17:08:09.389+05:00  INFO 6124 --- [user-service] [main] j.LocalContainerEntityManagerFactoryBean : Initialized JPA EntityManagerFactory for persistence unit 'default'
2025-10-12T17:08:09.666+05:00  WARN 6124 --- [user-service] [main] JpaBaseConfiguration$JpaWebConfiguration : spring.jpa.open-in-view is enabled by default. Therefore, database queries may be performed during view rendering. Explicitly configure spring.jpa.open-in-view to disable this warning
2025-10-12T17:08:09.984+05:00  INFO 6124 --- [user-service] [main] o.s.b.w.embedded.tomcat.TomcatWebServer  : Tomcat started on port 8080 (http) with context path '/'
2025-10-12T17:08:09.990+05:00  INFO 6124 --- [user-service] [main] com.example.App                          : Started App in 3.566 seconds (process running for 3.875)
2025-10-12T17:08:14.883+05:00  INFO 6124 --- [user-service] [http-nio-8080-exec-1] o.a.c.c.C.[Tomcat].[localhost].[/]       : Initializing Spring DispatcherServlet 'dispatcherServlet'
2025-10-12T17:08:14.884+05:00  INFO 6124 --- [user-service] [http-nio-8080-exec-1] o.s.web.servlet.DispatcherServlet        : Initializing Servlet 'dispatcherServlet'
2025-10-12T17:08:14.885+05:00  INFO 6124 --- [user-service] [http-nio-8080-exec-1] o.s.web.servlet.DispatcherServlet        : Completed initialization in 1 ms
2025-10-12T17:08:15.001+05:00 DEBUG 6124 --- [user-service] [http-nio-8080-exec-1] c.example.business.service.UserService   : Get all users from repository: [User{id=283f4381-b94b-4afa-befc-03f8ef7d08ec, name='null', email='null', age=null, created_at=2025-10-12T15:40:37.630935}, User{id=f2a38e59-374b-4bc2-a04d-0145b29b693f, name='null', email='null', age=null, created_at=2025-10-12T16:32:46.208262}, User{id=9a9d31e9-dd1e-4529-88c3-b6461189a6ac, name='null', email='null', age=null, created_at=2025-10-12T16:53:23.618226}]
2025-10-12T17:18:50.820+05:00  INFO 6124 --- [user-service] [SpringApplicationShutdownHook] o.s.b.w.e.tomcat.GracefulShutdown        : Commencing graceful shutdown. Waiting for active requests to complete
2025-10-12T17:18:50.827+05:00  INFO 6124 --- [user-service] [tomcat-shutdown] o.s.b.w.e.tomcat.GracefulShutdown        : Graceful shutdown complete
2025-10-12T17:18:50.829+05:00  INFO 6124 --- [user-service] [SpringApplicationShutdownHook] j.LocalContainerEntityManagerFactoryBean : Closing JPA EntityManagerFactory for persistence unit 'default'
2025-10-12T17:18:50.830+05:00  INFO 6124 --- [user-service] [SpringApplicationShutdownHook] com.zaxxer.hikari.HikariDataSource       : HikariPool-1 - Shutdown initiated...
2025-10-12T17:18:50.832+05:00  INFO 6124 --- [user-service] [SpringApplicationShutdownHook] com.zaxxer.hikari.HikariDataSource       : HikariPool-1 - Shutdown completed.
2025-10-12T17:25:00.778+05:00  INFO 4156 --- [user-service] [main] com.example.App                          : Starting App using Java 23 with PID 4156 (C:\Users\zew1x\IdeaProjects\user-service-with-spring-boot\target\classes started by zew1x in C:\Users\zew1x\IdeaProjects\user-service-with-spring-boot)
2025-10-12T17:25:00.780+05:00  INFO 4156 --- [user-service] [main] com.example.App                          : No active profile set, falling back to 1 default profile: "default"
2025-10-12T17:25:01.379+05:00  INFO 4156 --- [user-service] [main] .s.d.r.c.RepositoryConfigurationDelegate : Bootstrapping Spring Data JPA repositories in DEFAULT mode.
2025-10-12T17:25:01.435+05:00  INFO 4156 --- [user-service] [main] .s.d.r.c.RepositoryConfigurationDelegate : Finished Spring Data repository scanning in 48 ms. Found 1 JPA repository interface.
2025-10-12T17:25:01.939+05:00  INFO 4156 --- [user-service] [main] o.s.b.w.embedded.tomcat.TomcatWebServer  : Tomcat initialized with port 8080 (http)
2025-10-12T17:25:01.951+05:00  INFO 4156 --- [user-service] [main] o.apache.catalina.core.StandardService   : Starting service [Tomcat]
2025-10-12T17:25:01.951+05:00  INFO 4156 --- [user-service] [main] o.apache.catalina.core.StandardEngine    : Starting Servlet engine: [Apache Tomcat/10.1.46]
2025-10-12T17:25:01.993+05:00  INFO 4156 --- [user-service] [main] o.a.c.c.C.[Tomcat].[localhost].[/]       : Initializing Spring embedded WebApplicationContext
2025-10-12T17:25:01.994+05:00  INFO 4156 --- [user-service] [main] w.s.c.ServletWebServerApplicationContext : Root WebApplicationContext: initialization completed in 1162 ms
2025-10-12T17:25:02.138+05:00  INFO 4156 --- [user-service] [main] o.hibernate.jpa.internal.util.LogHelper  : HHH000204: Processing PersistenceUnitInfo [name: default]
2025-10-12T17:25:02.187+05:00  INFO 4156 --- [user-service] [main] org.hibernate.Version                    : HHH000412: Hibernate ORM core version 6.6.29.Final
2025-10-12T17:25:02.208+05:00  INFO 4156 --- [user-service] [main] o.h.c.internal.RegionFactoryInitiator    : HHH000026: Second-level cache disabled
2025-10-12T17:25:02.521+05:00  INFO 4156 --- [user-service] [main] o.s.o.j.p.SpringPersistenceUnitInfo      : No LoadTimeWeaver setup: ignoring JPA class transformer
2025-10-12T17:25:02.544+05:00  INFO 4156 --- [user-service] [main] com.zaxxer.hikari.HikariDataSource       : HikariPool-1 - Starting...
2025-10-12T17:25:02.723+05:00  INFO 4156 --- [user-service] [main] com.zaxxer.hikari.pool.HikariPool        : HikariPool-1 - Added connection org.postgresql.jdbc.PgConnection@58e03769
2025-10-12T17:25:02.725+05:00  INFO 4156 --- [user-service] [main] com.zaxxer.hikari.HikariDataSource       : HikariPool-1 - Start completed.
2025-10-12T17:25:02.786+05:00  INFO 4156 --- [user-service] [main] org.hibernate.orm.connections.pooling    : HHH10001005: Database info:
	Database JDBC URL [Connecting through datasource 'HikariDataSource (HikariPool-1)']
	Database driver: undefined/unknown
	Database version: 17.5
	Autocommit mode: undefined/unknown
	Isolation level: undefined/unknown
	Minimum pool size: undefined/unknown
	Maximum pool size: undefined/unknown
2025-10-12T17:25:03.391+05:00  INFO 4156 --- [user-service] [main] o.h.e.t.j.p.i.JtaPlatformInitiator       : HHH000489: No JTA platform available (set 'hibernate.transaction.jta.platform' to enable JTA platform integration)
2025-10-12T17:25:03.426+05:00  INFO 4156 --- [user-service] [main] j.LocalContainerEntityManagerFactoryBean : Initialized JPA EntityManagerFactory for persistence unit 'default'
2025-10-12T17:25:03.677+05:00  WARN 4156 --- [user-service] [main] JpaBaseConfiguration$JpaWebConfiguration : spring.jpa.open-in-view is enabled by default. Therefore, database queries may be performed during view rendering. Explicitly configure spring.jpa.open-in-view to disable this warning
2025-10-12T17:25:04.106+05:00  INFO 4156 --- [user-service] [main] o.s.b.w.embedded.tomcat.TomcatWebServer  : Tomcat started on port 8080 (http) with context path '/'
2025-10-12T17:25:04.114+05:00  INFO 4156 --- [user-service] [main] com.example.App                          : Started App in 3.8 seconds (process running for 4.126)
2025-10-12T17:25:49.498+05:00  INFO 4156 --- [user-service] [http-nio-8080-exec-1] o.a.c.c.C.[Tomcat].[localhost].[/]       : Initializing Spring DispatcherServlet 'dispatcherServlet'
2025-10-12T17:25:49.499+05:00  INFO 4156 --- [user-service] [http-nio-8080-exec-1] o.s.web.servlet.DispatcherServlet        : Initializing Servlet 'dispatcherServlet'
2025-10-12T17:25:49.500+05:00  INFO 4156 --- [user-service] [http-nio-8080-exec-1] o.s.web.servlet.DispatcherServlet        : Completed initialization in 1 ms
2025-10-12T17:25:49.661+05:00 DEBUG 4156 --- [user-service] [http-nio-8080-exec-1] c.example.business.service.UserService   : Created user: User{id=0b49bcb3-4039-4ede-ab0d-8f1c311cb275, name='Aina', email='aina@mail.ru', age=25, created_at=2025-10-12T17:25:49.645767500}
2025-10-12T17:26:05.341+05:00 DEBUG 4156 --- [user-service] [http-nio-8080-exec-3] c.example.business.service.UserService   : Get user from repository: User{id=0b49bcb3-4039-4ede-ab0d-8f1c311cb275, name='Aina', email='aina@mail.ru', age=25, created_at=2025-10-12T17:25:49.645768}
2025-10-12T17:26:16.237+05:00 DEBUG 4156 --- [user-service] [http-nio-8080-exec-4] c.example.business.service.UserService   : Get all users from repository: [User{id=283f4381-b94b-4afa-befc-03f8ef7d08ec, name='null', email='null', age=null, created_at=2025-10-12T15:40:37.630935}, User{id=f2a38e59-374b-4bc2-a04d-0145b29b693f, name='null', email='null', age=null, created_at=2025-10-12T16:32:46.208262}, User{id=9a9d31e9-dd1e-4529-88c3-b6461189a6ac, name='null', email='null', age=null, created_at=2025-10-12T16:53:23.618226}, User{id=0b49bcb3-4039-4ede-ab0d-8f1c311cb275, name='Aina', email='aina@mail.ru', age=25, created_at=2025-10-12T17:25:49.645768}]
2025-10-12T17:27:23.992+05:00 DEBUG 4156 --- [user-service] [http-nio-8080-exec-7] c.example.business.service.UserService   : Created user: User{id=85eeecdd-c96c-410e-8c69-f0cf9b13eb5d, name='Dilara', email='dilara@mail.ru', age=21, created_at=2025-10-12T17:27:23.992451400}
2025-10-12T17:28:19.210+05:00 DEBUG 4156 --- [user-service] [http-nio-8080-exec-8] c.example.business.service.UserService   : Get users for updated: User{id=85eeecdd-c96c-410e-8c69-f0cf9b13eb5d, name='Dilara', email='dilara@mail.ru', age=21, created_at=2025-10-12T17:27:23.992451}
2025-10-12T17:28:19.210+05:00 DEBUG 4156 --- [user-service] [http-nio-8080-exec-8] c.example.business.service.UserService   : Return user after updated: User{id=85eeecdd-c96c-410e-8c69-f0cf9b13eb5d, name='SweetheartLove', email='dilara@mail.ru', age=22, created_at=2025-10-12T17:27:23.992451}
2025-10-12T17:28:35.755+05:00 DEBUG 4156 --- [user-service] [http-nio-8080-exec-9] c.example.business.service.UserService   : Get user from repository: User{id=85eeecdd-c96c-410e-8c69-f0cf9b13eb5d, name='SweetheartLove', email='dilara@mail.ru', age=22, created_at=2025-10-12T17:27:23.992451}
2025-10-12T17:28:53.406+05:00 DEBUG 4156 --- [user-service] [http-nio-8080-exec-10] c.example.business.service.UserService   : Get users for deleted: User{id=85eeecdd-c96c-410e-8c69-f0cf9b13eb5d, name='SweetheartLove', email='dilara@mail.ru', age=22, created_at=2025-10-12T17:27:23.992451}
2025-10-12T17:30:31.248+05:00 DEBUG 4156 --- [user-service] [http-nio-8080-exec-3] c.example.business.service.UserService   : Get all users from repository: [User{id=283f4381-b94b-4afa-befc-03f8ef7d08ec, name='null', email='null', age=null, created_at=2025-10-12T15:40:37.630935}, User{id=f2a38e59-374b-4bc2-a04d-0145b29b693f, name='null', email='null', age=null, created_at=2025-10-12T16:32:46.208262}, User{id=9a9d31e9-dd1e-4529-88c3-b6461189a6ac, name='null', email='null', age=null, created_at=2025-10-12T16:53:23.618226}, User{id=0b49bcb3-4039-4ede-ab0d-8f1c311cb275, name='Aina', email='aina@mail.ru', age=25, created_at=2025-10-12T17:25:49.645768}]
2025-10-12T17:30:40.542+05:00 ERROR 4156 --- [user-service] [http-nio-8080-exec-4] c.e.e.handler.GlobalExceptionHandler     : Validation failed for argument [0] in public org.springframework.http.ResponseEntity<java.util.Map<java.lang.String, java.lang.String>> com.example.web.controller.UserController.createUser(com.example.web.dto.UserDto): [Field error in object 'userDto' on field 'email': rejected value [dbadrbadrb]; codes [Email.userDto.email,Email.email,Email.java.lang.String,Email]; arguments [org.springframework.context.support.DefaultMessageSourceResolvable: codes [userDto.email,email]; arguments []; default message [email],[Ljakarta.validation.constraints.Pattern$Flag;@6ba8c410,.*]; default message [должно иметь формат адреса электронной почты]] 
2025-10-12T17:31:43.066+05:00 ERROR 4156 --- [user-service] [http-nio-8080-exec-5] c.e.e.handler.GlobalExceptionHandler     : Validation failed for argument [0] in public org.springframework.http.ResponseEntity<java.util.Map<java.lang.String, java.lang.String>> com.example.web.controller.UserController.createUser(com.example.web.dto.UserDto) with 2 errors: [Field error in object 'userDto' on field 'name': rejected value []; codes [NotBlank.userDto.name,NotBlank.name,NotBlank.java.lang.String,NotBlank]; arguments [org.springframework.context.support.DefaultMessageSourceResolvable: codes [userDto.name,name]; arguments []; default message [name]]; default message [не должно быть пустым]] [Field error in object 'userDto' on field 'email': rejected value [dbadrbadrb]; codes [Email.userDto.email,Email.email,Email.java.lang.String,Email]; arguments [org.springframework.context.support.DefaultMessageSourceResolvable: codes [userDto.email,email]; arguments []; default message [email],[Ljakarta.validation.constraints.Pattern$Flag;@6ba8c410,.*]; default message [должно иметь формат адреса электронной почты]] 
2025-10-12T17:31:49.199+05:00 ERROR 4156 --- [user-service] [http-nio-8080-exec-8] c.e.e.handler.GlobalExceptionHandler     : Validation failed for argument [0] in public org.springframework.http.ResponseEntity<java.util.Map<java.lang.String, java.lang.String>> com.example.web.controller.UserController.createUser(com.example.web.dto.UserDto) with 2 errors: [Field error in object 'userDto' on field 'name': rejected value []; codes [NotBlank.userDto.name,NotBlank.name,NotBlank.java.lang.String,NotBlank]; arguments [org.springframework.context.support.DefaultMessageSourceResolvable: codes [userDto.name,name]; arguments []; default message [name]]; default message [не должно быть пустым]] [Field error in object 'userDto' on field 'email': rejected value [dbadrbadrb]; codes [Email.userDto.email,Email.email,Email.java.lang.String,Email]; arguments [org.springframework.context.support.DefaultMessageSourceResolvable: codes [userDto.email,email]; arguments []; default message [email],[Ljakarta.validation.constraints.Pattern$Flag;@6ba8c410,.*]; default message [должно иметь формат адреса электронной почты]] 
2025-10-12T17:31:57.267+05:00 DEBUG 4156 --- [user-service] [http-nio-8080-exec-10] c.example.business.service.UserService   : Get all users from repository: [User{id=283f4381-b94b-4afa-befc-03f8ef7d08ec, name='null', email='null', age=null, created_at=2025-10-12T15:40:37.630935}, User{id=f2a38e59-374b-4bc2-a04d-0145b29b693f, name='null', email='null', age=null, created_at=2025-10-12T16:32:46.208262}, User{id=9a9d31e9-dd1e-4529-88c3-b6461189a6ac, name='null', email='null', age=null, created_at=2025-10-12T16:53:23.618226}, User{id=0b49bcb3-4039-4ede-ab0d-8f1c311cb275, name='Aina', email='aina@mail.ru', age=25, created_at=2025-10-12T17:25:49.645768}]
2025-10-12T17:32:13.705+05:00 ERROR 4156 --- [user-service] [http-nio-8080-exec-2] c.e.e.handler.GlobalExceptionHandler     : Validation failed for argument [1] in public org.springframework.http.ResponseEntity<java.lang.String> com.example.web.controller.UserController.updateUser(java.lang.String,com.example.web.dto.UserDto) with 2 errors: [Field error in object 'userDto' on field 'email': rejected value [dbadrbadrb]; codes [Email.userDto.email,Email.email,Email.java.lang.String,Email]; arguments [org.springframework.context.support.DefaultMessageSourceResolvable: codes [userDto.email,email]; arguments []; default message [email],[Ljakarta.validation.constraints.Pattern$Flag;@6ba8c410,.*]; default message [должно иметь формат адреса электронной почты]] [Field error in object 'userDto' on field 'name': rejected value []; codes [NotBlank.userDto.name,NotBlank.name,NotBlank.java.lang.String,NotBlank]; arguments [org.springframework.context.support.DefaultMessageSourceResolvable: codes [userDto.name,name]; arguments []; default message [name]]; default message [не должно быть пустым]] 
2025-10-12T17:32:39.004+05:00 ERROR 4156 --- [user-service] [http-nio-8080-exec-3] c.e.e.handler.GlobalExceptionHandler     : User with id: 85eeecdd-c96c-410e-8c69-f0cf9b13eb5d not found!
2025-10-12T17:33:51.984+05:00 DEBUG 4156 --- [user-service] [http-nio-8080-exec-5] c.example.business.service.UserService   : Created user: User{id=cd2ee758-effd-45e5-b479-6bbafd8db05f, name='Dilara', email='sweetheart@gmail.com', age=23, created_at=2025-10-12T17:33:51.984412600}
2025-10-12T17:34:26.339+05:00 DEBUG 4156 --- [user-service] [http-nio-8080-exec-7] c.example.business.service.UserService   : Get all users from repository: [User{id=283f4381-b94b-4afa-befc-03f8ef7d08ec, name='null', email='null', age=null, created_at=2025-10-12T15:40:37.630935}, User{id=f2a38e59-374b-4bc2-a04d-0145b29b693f, name='null', email='null', age=null, created_at=2025-10-12T16:32:46.208262}, User{id=9a9d31e9-dd1e-4529-88c3-b6461189a6ac, name='null', email='null', age=null, created_at=2025-10-12T16:53:23.618226}, User{id=0b49bcb3-4039-4ede-ab0d-8f1c311cb275, name='Aina', email='aina@mail.ru', age=25, created_at=2025-10-12T17:25:49.645768}, User{id=cd2ee758-effd-45e5-b479-6bbafd8db05f, name='Dilara', email='sweetheart@gmail.com', age=23, created_at=2025-10-12T17:33:51.984413}]
2025-10-12T17:34:42.001+05:00  INFO 4156 --- [user-service] [SpringApplicationShutdownHook] o.s.b.w.e.tomcat.GracefulShutdown        : Commencing graceful shutdown. Waiting for active requests to complete
2025-10-12T17:34:42.007+05:00  INFO 4156 --- [user-service] [tomcat-shutdown] o.s.b.w.e.tomcat.GracefulShutdown        : Graceful shutdown complete
2025-10-12T17:34:42.009+05:00  INFO 4156 --- [user-service] [SpringApplicationShutdownHook] j.LocalContainerEntityManagerFactoryBean : Closing JPA EntityManagerFactory for persistence unit 'default'
2025-10-12T17:34:42.010+05:00  INFO 4156 --- [user-service] [SpringApplicationShutdownHook] com.zaxxer.hikari.HikariDataSource       : HikariPool-1 - Shutdown initiated...
2025-10-12T17:34:42.012+05:00  INFO 4156 --- [user-service] [SpringApplicationShutdownHook] com.zaxxer.hikari.HikariDataSource       : HikariPool-1 - Shutdown completed.
